Script started on 2026-09-03 11:43:06+09:00 [TERM="dumb" TTY="/dev/console" COLUMNS="80" LINES="24"]
Error opening counter instructions



Error opening counter instructions



Error opening counter instructions



Error opening counter instructions
100% ▕████████████████████████████████████████████████████████████▏ 



┌─────────┐
│ Success │
│ boolean │
├─────────┤
│ 0 rows  │
└─────────┘
Error opening counter instructions



┌─────────┐
│ Success │
│ boolean │
├─────────┤
│ 0 rows  │
└─────────┘

Script done on 2026-09-03 11:43:26+09:00 [COMMAND_EXIT_CODE="0"]
