Error opening counter instructions



Error opening counter instructions



Error opening counter instructions



TASK4_PLAN|FULL_NATIVE_SQL|1|1
Error opening counter instructions




┌─────────────────────────────┐
│┌───────────────────────────┐│
││       Physical Plan       ││
│└───────────────────────────┘│
└─────────────────────────────┘
┌───────────────────────────┐
│    UNGROUPED_AGGREGATE    │
│   ─ ─ ─ ─ ─ ─ ─ ─ ─ ─ ─   │
│    sum_no_overflow(#0)    │
└─────────────┬─────────────┘                             
┌─────────────┴─────────────┐
│         PROJECTION        │
│   ─ ─ ─ ─ ─ ─ ─ ─ ─ ─ ─   │
│     (l_extendedprice *    │
│         l_discount)       │
└─────────────┬─────────────┘                             
┌─────────────┴─────────────┐
│         SEQ_SCAN          │
│   ─ ─ ─ ─ ─ ─ ─ ─ ─ ─ ─   │
│          lineitem         │
│   ─ ─ ─ ─ ─ ─ ─ ─ ─ ─ ─   │
│         l_discount        │
│      l_extendedprice      │
│   ─ ─ ─ ─ ─ ─ ─ ─ ─ ─ ─   │
│ Filters: l_shipdate>=1994 │
│-01-01 AND l_shipdate<...  │
│ -01 AND l_shipdate IS NOT │
│            NULL           │
│    l_discount>=0.05 AND   │
│ l_discount<=0.07 AND ...  │
│         IS NOT NULL       │
│    l_quantity<24.00 AND   │
│   l_quantity IS NOT NULL  │
│   ─ ─ ─ ─ ─ ─ ─ ─ ─ ─ ─   │
│        EC: 1200243        │
└───────────────────────────┘                             
Run Time (s): real 0.001 user 0.001037 sys 0.000000
TASK4_PLAN|PRISM_SELECTIVE|1|2
Error opening counter instructions




┌─────────────────────────────┐
│┌───────────────────────────┐│
││       Physical Plan       ││
│└───────────────────────────┘│
└─────────────────────────────┘
┌───────────────────────────┐
│    UNGROUPED_AGGREGATE    │
│   ─ ─ ─ ─ ─ ─ ─ ─ ─ ─ ─   │
│    sum_no_overflow(#0)    │
└─────────────┬─────────────┘                             
┌─────────────┴─────────────┐
│         PROJECTION        │
│   ─ ─ ─ ─ ─ ─ ─ ─ ─ ─ ─   │
│     (l_extendedprice *    │
│         l_discount)       │
└─────────────┬─────────────┘                             
┌─────────────┴─────────────┐
│           FILTER          │
│   ─ ─ ─ ─ ─ ─ ─ ─ ─ ─ ─   │
│  (q6conditions_outlined_0 │
│(CAST(l_discount AS DE...  │
│  ,2)), CAST(l_quantity AS │
│ INTEGER), l_shipdate) = 1)│
│   ─ ─ ─ ─ ─ ─ ─ ─ ─ ─ ─   │
│        EC: 6001215        │
└─────────────┬─────────────┘                             
┌─────────────┴─────────────┐
│         SEQ_SCAN          │
│   ─ ─ ─ ─ ─ ─ ─ ─ ─ ─ ─   │
│          lineitem         │
│   ─ ─ ─ ─ ─ ─ ─ ─ ─ ─ ─   │
│         l_discount        │
│         l_quantity        │
│         l_shipdate        │
│      l_extendedprice      │
│   ─ ─ ─ ─ ─ ─ ─ ─ ─ ─ ─   │
│        EC: 6001215        │
└───────────────────────────┘                             
Run Time (s): real 0.001 user 0.000608 sys 0.000000
TASK4_PLAN|FULL_NATIVE_SQL|2|3
Error opening counter instructions




┌─────────────────────────────┐
│┌───────────────────────────┐│
││       Physical Plan       ││
│└───────────────────────────┘│
└─────────────────────────────┘
┌───────────────────────────┐
│    UNGROUPED_AGGREGATE    │
│   ─ ─ ─ ─ ─ ─ ─ ─ ─ ─ ─   │
│    sum_no_overflow(#0)    │
└─────────────┬─────────────┘                             
┌─────────────┴─────────────┐
│         PROJECTION        │
│   ─ ─ ─ ─ ─ ─ ─ ─ ─ ─ ─   │
│     (l_extendedprice *    │
│         l_discount)       │
└─────────────┬─────────────┘                             
┌─────────────┴─────────────┐
│         SEQ_SCAN          │
│   ─ ─ ─ ─ ─ ─ ─ ─ ─ ─ ─   │
│          lineitem         │
│   ─ ─ ─ ─ ─ ─ ─ ─ ─ ─ ─   │
│         l_discount        │
│      l_extendedprice      │
│   ─ ─ ─ ─ ─ ─ ─ ─ ─ ─ ─   │
│ Filters: l_shipdate>=1994 │
│-01-01 AND l_shipdate<...  │
│ -01 AND l_shipdate IS NOT │
│            NULL           │
│    l_discount>=0.05 AND   │
│ l_discount<=0.07 AND ...  │
│         IS NOT NULL       │
│    l_quantity<24.00 AND   │
│   l_quantity IS NOT NULL  │
│   ─ ─ ─ ─ ─ ─ ─ ─ ─ ─ ─   │
│        EC: 1200243        │
└───────────────────────────┘                             
Run Time (s): real 0.001 user 0.000752 sys 0.000000
TASK4_PLAN|PRISM_SELECTIVE|2|4
Error opening counter instructions




┌─────────────────────────────┐
│┌───────────────────────────┐│
││       Physical Plan       ││
│└───────────────────────────┘│
└─────────────────────────────┘
┌───────────────────────────┐
│    UNGROUPED_AGGREGATE    │
│   ─ ─ ─ ─ ─ ─ ─ ─ ─ ─ ─   │
│    sum_no_overflow(#0)    │
└─────────────┬─────────────┘                             
┌─────────────┴─────────────┐
│         PROJECTION        │
│   ─ ─ ─ ─ ─ ─ ─ ─ ─ ─ ─   │
│     (l_extendedprice *    │
│         l_discount)       │
└─────────────┬─────────────┘                             
┌─────────────┴─────────────┐
│           FILTER          │
│   ─ ─ ─ ─ ─ ─ ─ ─ ─ ─ ─   │
│  (q6conditions_outlined_0 │
│(CAST(l_discount AS DE...  │
│  ,2)), CAST(l_quantity AS │
│ INTEGER), l_shipdate) = 1)│
│   ─ ─ ─ ─ ─ ─ ─ ─ ─ ─ ─   │
│        EC: 6001215        │
└─────────────┬─────────────┘                             
┌─────────────┴─────────────┐
│         SEQ_SCAN          │
│   ─ ─ ─ ─ ─ ─ ─ ─ ─ ─ ─   │
│          lineitem         │
│   ─ ─ ─ ─ ─ ─ ─ ─ ─ ─ ─   │
│         l_discount        │
│         l_quantity        │
│         l_shipdate        │
│      l_extendedprice      │
│   ─ ─ ─ ─ ─ ─ ─ ─ ─ ─ ─   │
│        EC: 6001215        │
└───────────────────────────┘                             
Run Time (s): real 0.000 user 0.000616 sys 0.000000
TASK4_PLAN|FULL_NATIVE_SQL|3|5
Error opening counter instructions




┌─────────────────────────────┐
│┌───────────────────────────┐│
││       Physical Plan       ││
│└───────────────────────────┘│
└─────────────────────────────┘
┌───────────────────────────┐
│    UNGROUPED_AGGREGATE    │
│   ─ ─ ─ ─ ─ ─ ─ ─ ─ ─ ─   │
│    sum_no_overflow(#0)    │
└─────────────┬─────────────┘                             
┌─────────────┴─────────────┐
│         PROJECTION        │
│   ─ ─ ─ ─ ─ ─ ─ ─ ─ ─ ─   │
│     (l_extendedprice *    │
│         l_discount)       │
└─────────────┬─────────────┘                             
┌─────────────┴─────────────┐
│         SEQ_SCAN          │
│   ─ ─ ─ ─ ─ ─ ─ ─ ─ ─ ─   │
│          lineitem         │
│   ─ ─ ─ ─ ─ ─ ─ ─ ─ ─ ─   │
│         l_discount        │
│      l_extendedprice      │
│   ─ ─ ─ ─ ─ ─ ─ ─ ─ ─ ─   │
│ Filters: l_shipdate>=1994 │
│-01-01 AND l_shipdate<...  │
│ -01 AND l_shipdate IS NOT │
│            NULL           │
│    l_discount>=0.05 AND   │
│ l_discount<=0.07 AND ...  │
│         IS NOT NULL       │
│    l_quantity<24.00 AND   │
│   l_quantity IS NOT NULL  │
│   ─ ─ ─ ─ ─ ─ ─ ─ ─ ─ ─   │
│        EC: 1200243        │
└───────────────────────────┘                             
Run Time (s): real 0.001 user 0.000786 sys 0.000000
TASK4_PLAN|PRISM_SELECTIVE|3|6
Error opening counter instructions




┌─────────────────────────────┐
│┌───────────────────────────┐│
││       Physical Plan       ││
│└───────────────────────────┘│
└─────────────────────────────┘
┌───────────────────────────┐
│    UNGROUPED_AGGREGATE    │
│   ─ ─ ─ ─ ─ ─ ─ ─ ─ ─ ─   │
│    sum_no_overflow(#0)    │
└─────────────┬─────────────┘                             
┌─────────────┴─────────────┐
│         PROJECTION        │
│   ─ ─ ─ ─ ─ ─ ─ ─ ─ ─ ─   │
│     (l_extendedprice *    │
│         l_discount)       │
└─────────────┬─────────────┘                             
┌─────────────┴─────────────┐
│           FILTER          │
│   ─ ─ ─ ─ ─ ─ ─ ─ ─ ─ ─   │
│  (q6conditions_outlined_0 │
│(CAST(l_discount AS DE...  │
│  ,2)), CAST(l_quantity AS │
│ INTEGER), l_shipdate) = 1)│
│   ─ ─ ─ ─ ─ ─ ─ ─ ─ ─ ─   │
│        EC: 6001215        │
└─────────────┬─────────────┘                             
┌─────────────┴─────────────┐
│         SEQ_SCAN          │
│   ─ ─ ─ ─ ─ ─ ─ ─ ─ ─ ─   │
│          lineitem         │
│   ─ ─ ─ ─ ─ ─ ─ ─ ─ ─ ─   │
│         l_discount        │
│         l_quantity        │
│         l_shipdate        │
│      l_extendedprice      │
│   ─ ─ ─ ─ ─ ─ ─ ─ ─ ─ ─   │
│        EC: 6001215        │
└───────────────────────────┘                             
Run Time (s): real 0.001 user 0.000595 sys 0.000000
TASK4_PLAN|PRISM_SELECTIVE|4|7
Error opening counter instructions




┌─────────────────────────────┐
│┌───────────────────────────┐│
││       Physical Plan       ││
│└───────────────────────────┘│
└─────────────────────────────┘
┌───────────────────────────┐
│    UNGROUPED_AGGREGATE    │
│   ─ ─ ─ ─ ─ ─ ─ ─ ─ ─ ─   │
│    sum_no_overflow(#0)    │
└─────────────┬─────────────┘                             
┌─────────────┴─────────────┐
│         PROJECTION        │
│   ─ ─ ─ ─ ─ ─ ─ ─ ─ ─ ─   │
│     (l_extendedprice *    │
│         l_discount)       │
└─────────────┬─────────────┘                             
┌─────────────┴─────────────┐
│           FILTER          │
│   ─ ─ ─ ─ ─ ─ ─ ─ ─ ─ ─   │
│  (q6conditions_outlined_0 │
│(CAST(l_discount AS DE...  │
│  ,2)), CAST(l_quantity AS │
│ INTEGER), l_shipdate) = 1)│
│   ─ ─ ─ ─ ─ ─ ─ ─ ─ ─ ─   │
│        EC: 6001215        │
└─────────────┬─────────────┘                             
┌─────────────┴─────────────┐
│         SEQ_SCAN          │
│   ─ ─ ─ ─ ─ ─ ─ ─ ─ ─ ─   │
│          lineitem         │
│   ─ ─ ─ ─ ─ ─ ─ ─ ─ ─ ─   │
│         l_discount        │
│         l_quantity        │
│         l_shipdate        │
│      l_extendedprice      │
│   ─ ─ ─ ─ ─ ─ ─ ─ ─ ─ ─   │
│        EC: 6001215        │
└───────────────────────────┘                             
Run Time (s): real 0.000 user 0.000568 sys 0.000000
TASK4_PLAN|FULL_NATIVE_SQL|4|8
Error opening counter instructions




┌─────────────────────────────┐
│┌───────────────────────────┐│
││       Physical Plan       ││
│└───────────────────────────┘│
└─────────────────────────────┘
┌───────────────────────────┐
│    UNGROUPED_AGGREGATE    │
│   ─ ─ ─ ─ ─ ─ ─ ─ ─ ─ ─   │
│    sum_no_overflow(#0)    │
└─────────────┬─────────────┘                             
┌─────────────┴─────────────┐
│         PROJECTION        │
│   ─ ─ ─ ─ ─ ─ ─ ─ ─ ─ ─   │
│     (l_extendedprice *    │
│         l_discount)       │
└─────────────┬─────────────┘                             
┌─────────────┴─────────────┐
│         SEQ_SCAN          │
│   ─ ─ ─ ─ ─ ─ ─ ─ ─ ─ ─   │
│          lineitem         │
│   ─ ─ ─ ─ ─ ─ ─ ─ ─ ─ ─   │
│         l_discount        │
│      l_extendedprice      │
│   ─ ─ ─ ─ ─ ─ ─ ─ ─ ─ ─   │
│ Filters: l_shipdate>=1994 │
│-01-01 AND l_shipdate<...  │
│ -01 AND l_shipdate IS NOT │
│            NULL           │
│    l_discount>=0.05 AND   │
│ l_discount<=0.07 AND ...  │
│         IS NOT NULL       │
│    l_quantity<24.00 AND   │
│   l_quantity IS NOT NULL  │
│   ─ ─ ─ ─ ─ ─ ─ ─ ─ ─ ─   │
│        EC: 1200243        │
└───────────────────────────┘                             
Run Time (s): real 0.001 user 0.000734 sys 0.000000
TASK4_PLAN|FULL_NATIVE_SQL|5|9
Error opening counter instructions




┌─────────────────────────────┐
│┌───────────────────────────┐│
││       Physical Plan       ││
│└───────────────────────────┘│
└─────────────────────────────┘
┌───────────────────────────┐
│    UNGROUPED_AGGREGATE    │
│   ─ ─ ─ ─ ─ ─ ─ ─ ─ ─ ─   │
│    sum_no_overflow(#0)    │
└─────────────┬─────────────┘                             
┌─────────────┴─────────────┐
│         PROJECTION        │
│   ─ ─ ─ ─ ─ ─ ─ ─ ─ ─ ─   │
│     (l_extendedprice *    │
│         l_discount)       │
└─────────────┬─────────────┘                             
┌─────────────┴─────────────┐
│         SEQ_SCAN          │
│   ─ ─ ─ ─ ─ ─ ─ ─ ─ ─ ─   │
│          lineitem         │
│   ─ ─ ─ ─ ─ ─ ─ ─ ─ ─ ─   │
│         l_discount        │
│      l_extendedprice      │
│   ─ ─ ─ ─ ─ ─ ─ ─ ─ ─ ─   │
│ Filters: l_shipdate>=1994 │
│-01-01 AND l_shipdate<...  │
│ -01 AND l_shipdate IS NOT │
│            NULL           │
│    l_discount>=0.05 AND   │
│ l_discount<=0.07 AND ...  │
│         IS NOT NULL       │
│    l_quantity<24.00 AND   │
│   l_quantity IS NOT NULL  │
│   ─ ─ ─ ─ ─ ─ ─ ─ ─ ─ ─   │
│        EC: 1200243        │
└───────────────────────────┘                             
Run Time (s): real 0.001 user 0.000733 sys 0.000000
TASK4_PLAN|PRISM_SELECTIVE|5|10
Error opening counter instructions




┌─────────────────────────────┐
│┌───────────────────────────┐│
││       Physical Plan       ││
│└───────────────────────────┘│
└─────────────────────────────┘
┌───────────────────────────┐
│    UNGROUPED_AGGREGATE    │
│   ─ ─ ─ ─ ─ ─ ─ ─ ─ ─ ─   │
│    sum_no_overflow(#0)    │
└─────────────┬─────────────┘                             
┌─────────────┴─────────────┐
│         PROJECTION        │
│   ─ ─ ─ ─ ─ ─ ─ ─ ─ ─ ─   │
│     (l_extendedprice *    │
│         l_discount)       │
└─────────────┬─────────────┘                             
┌─────────────┴─────────────┐
│           FILTER          │
│   ─ ─ ─ ─ ─ ─ ─ ─ ─ ─ ─   │
│  (q6conditions_outlined_0 │
│(CAST(l_discount AS DE...  │
│  ,2)), CAST(l_quantity AS │
│ INTEGER), l_shipdate) = 1)│
│   ─ ─ ─ ─ ─ ─ ─ ─ ─ ─ ─   │
│        EC: 6001215        │
└─────────────┬─────────────┘                             
┌─────────────┴─────────────┐
│         SEQ_SCAN          │
│   ─ ─ ─ ─ ─ ─ ─ ─ ─ ─ ─   │
│          lineitem         │
│   ─ ─ ─ ─ ─ ─ ─ ─ ─ ─ ─   │
│         l_discount        │
│         l_quantity        │
│         l_shipdate        │
│      l_extendedprice      │
│   ─ ─ ─ ─ ─ ─ ─ ─ ─ ─ ─   │
│        EC: 6001215        │
└───────────────────────────┘                             
Run Time (s): real 0.001 user 0.000587 sys 0.000000
TASK4_PLAN|PRISM_SELECTIVE|6|11
Error opening counter instructions




┌─────────────────────────────┐
│┌───────────────────────────┐│
││       Physical Plan       ││
│└───────────────────────────┘│
└─────────────────────────────┘
┌───────────────────────────┐
│    UNGROUPED_AGGREGATE    │
│   ─ ─ ─ ─ ─ ─ ─ ─ ─ ─ ─   │
│    sum_no_overflow(#0)    │
└─────────────┬─────────────┘                             
┌─────────────┴─────────────┐
│         PROJECTION        │
│   ─ ─ ─ ─ ─ ─ ─ ─ ─ ─ ─   │
│     (l_extendedprice *    │
│         l_discount)       │
└─────────────┬─────────────┘                             
┌─────────────┴─────────────┐
│           FILTER          │
│   ─ ─ ─ ─ ─ ─ ─ ─ ─ ─ ─   │
│  (q6conditions_outlined_0 │
│(CAST(l_discount AS DE...  │
│  ,2)), CAST(l_quantity AS │
│ INTEGER), l_shipdate) = 1)│
│   ─ ─ ─ ─ ─ ─ ─ ─ ─ ─ ─   │
│        EC: 6001215        │
└─────────────┬─────────────┘                             
┌─────────────┴─────────────┐
│         SEQ_SCAN          │
│   ─ ─ ─ ─ ─ ─ ─ ─ ─ ─ ─   │
│          lineitem         │
│   ─ ─ ─ ─ ─ ─ ─ ─ ─ ─ ─   │
│         l_discount        │
│         l_quantity        │
│         l_shipdate        │
│      l_extendedprice      │
│   ─ ─ ─ ─ ─ ─ ─ ─ ─ ─ ─   │
│        EC: 6001215        │
└───────────────────────────┘                             
Run Time (s): real 0.000 user 0.000605 sys 0.000000
TASK4_PLAN|FULL_NATIVE_SQL|6|12
Error opening counter instructions




┌─────────────────────────────┐
│┌───────────────────────────┐│
││       Physical Plan       ││
│└───────────────────────────┘│
└─────────────────────────────┘
┌───────────────────────────┐
│    UNGROUPED_AGGREGATE    │
│   ─ ─ ─ ─ ─ ─ ─ ─ ─ ─ ─   │
│    sum_no_overflow(#0)    │
└─────────────┬─────────────┘                             
┌─────────────┴─────────────┐
│         PROJECTION        │
│   ─ ─ ─ ─ ─ ─ ─ ─ ─ ─ ─   │
│     (l_extendedprice *    │
│         l_discount)       │
└─────────────┬─────────────┘                             
┌─────────────┴─────────────┐
│         SEQ_SCAN          │
│   ─ ─ ─ ─ ─ ─ ─ ─ ─ ─ ─   │
│          lineitem         │
│   ─ ─ ─ ─ ─ ─ ─ ─ ─ ─ ─   │
│         l_discount        │
│      l_extendedprice      │
│   ─ ─ ─ ─ ─ ─ ─ ─ ─ ─ ─   │
│ Filters: l_shipdate>=1994 │
│-01-01 AND l_shipdate<...  │
│ -01 AND l_shipdate IS NOT │
│            NULL           │
│    l_discount>=0.05 AND   │
│ l_discount<=0.07 AND ...  │
│         IS NOT NULL       │
│    l_quantity<24.00 AND   │
│   l_quantity IS NOT NULL  │
│   ─ ─ ─ ─ ─ ─ ─ ─ ─ ─ ─   │
│        EC: 1200243        │
└───────────────────────────┘                             
Run Time (s): real 0.001 user 0.000794 sys 0.000000
TASK4_PLAN|PRISM_SELECTIVE|7|13
Error opening counter instructions




┌─────────────────────────────┐
│┌───────────────────────────┐│
││       Physical Plan       ││
│└───────────────────────────┘│
└─────────────────────────────┘
┌───────────────────────────┐
│    UNGROUPED_AGGREGATE    │
│   ─ ─ ─ ─ ─ ─ ─ ─ ─ ─ ─   │
│    sum_no_overflow(#0)    │
└─────────────┬─────────────┘                             
┌─────────────┴─────────────┐
│         PROJECTION        │
│   ─ ─ ─ ─ ─ ─ ─ ─ ─ ─ ─   │
│     (l_extendedprice *    │
│         l_discount)       │
└─────────────┬─────────────┘                             
┌─────────────┴─────────────┐
│           FILTER          │
│   ─ ─ ─ ─ ─ ─ ─ ─ ─ ─ ─   │
│  (q6conditions_outlined_0 │
│(CAST(l_discount AS DE...  │
│  ,2)), CAST(l_quantity AS │
│ INTEGER), l_shipdate) = 1)│
│   ─ ─ ─ ─ ─ ─ ─ ─ ─ ─ ─   │
│        EC: 6001215        │
└─────────────┬─────────────┘                             
┌─────────────┴─────────────┐
│         SEQ_SCAN          │
│   ─ ─ ─ ─ ─ ─ ─ ─ ─ ─ ─   │
│          lineitem         │
│   ─ ─ ─ ─ ─ ─ ─ ─ ─ ─ ─   │
│         l_discount        │
│         l_quantity        │
│         l_shipdate        │
│      l_extendedprice      │
│   ─ ─ ─ ─ ─ ─ ─ ─ ─ ─ ─   │
│        EC: 6001215        │
└───────────────────────────┘                             
Run Time (s): real 0.001 user 0.000625 sys 0.000000
TASK4_PLAN|FULL_NATIVE_SQL|7|14
Error opening counter instructions




┌─────────────────────────────┐
│┌───────────────────────────┐│
││       Physical Plan       ││
│└───────────────────────────┘│
└─────────────────────────────┘
┌───────────────────────────┐
│    UNGROUPED_AGGREGATE    │
│   ─ ─ ─ ─ ─ ─ ─ ─ ─ ─ ─   │
│    sum_no_overflow(#0)    │
└─────────────┬─────────────┘                             
┌─────────────┴─────────────┐
│         PROJECTION        │
│   ─ ─ ─ ─ ─ ─ ─ ─ ─ ─ ─   │
│     (l_extendedprice *    │
│         l_discount)       │
└─────────────┬─────────────┘                             
┌─────────────┴─────────────┐
│         SEQ_SCAN          │
│   ─ ─ ─ ─ ─ ─ ─ ─ ─ ─ ─   │
│          lineitem         │
│   ─ ─ ─ ─ ─ ─ ─ ─ ─ ─ ─   │
│         l_discount        │
│      l_extendedprice      │
│   ─ ─ ─ ─ ─ ─ ─ ─ ─ ─ ─   │
│ Filters: l_shipdate>=1994 │
│-01-01 AND l_shipdate<...  │
│ -01 AND l_shipdate IS NOT │
│            NULL           │
│    l_discount>=0.05 AND   │
│ l_discount<=0.07 AND ...  │
│         IS NOT NULL       │
│    l_quantity<24.00 AND   │
│   l_quantity IS NOT NULL  │
│   ─ ─ ─ ─ ─ ─ ─ ─ ─ ─ ─   │
│        EC: 1200243        │
└───────────────────────────┘                             
Run Time (s): real 0.000 user 0.000759 sys 0.000000
TASK4_PLAN|FULL_NATIVE_SQL|8|15
Error opening counter instructions




┌─────────────────────────────┐
│┌───────────────────────────┐│
││       Physical Plan       ││
│└───────────────────────────┘│
└─────────────────────────────┘
┌───────────────────────────┐
│    UNGROUPED_AGGREGATE    │
│   ─ ─ ─ ─ ─ ─ ─ ─ ─ ─ ─   │
│    sum_no_overflow(#0)    │
└─────────────┬─────────────┘                             
┌─────────────┴─────────────┐
│         PROJECTION        │
│   ─ ─ ─ ─ ─ ─ ─ ─ ─ ─ ─   │
│     (l_extendedprice *    │
│         l_discount)       │
└─────────────┬─────────────┘                             
┌─────────────┴─────────────┐
│         SEQ_SCAN          │
│   ─ ─ ─ ─ ─ ─ ─ ─ ─ ─ ─   │
│          lineitem         │
│   ─ ─ ─ ─ ─ ─ ─ ─ ─ ─ ─   │
│         l_discount        │
│      l_extendedprice      │
│   ─ ─ ─ ─ ─ ─ ─ ─ ─ ─ ─   │
│ Filters: l_shipdate>=1994 │
│-01-01 AND l_shipdate<...  │
│ -01 AND l_shipdate IS NOT │
│            NULL           │
│    l_discount>=0.05 AND   │
│ l_discount<=0.07 AND ...  │
│         IS NOT NULL       │
│    l_quantity<24.00 AND   │
│   l_quantity IS NOT NULL  │
│   ─ ─ ─ ─ ─ ─ ─ ─ ─ ─ ─   │
│        EC: 1200243        │
└───────────────────────────┘                             
Run Time (s): real 0.000 user 0.000749 sys 0.000000
TASK4_PLAN|PRISM_SELECTIVE|8|16
Error opening counter instructions




┌─────────────────────────────┐
│┌───────────────────────────┐│
││       Physical Plan       ││
│└───────────────────────────┘│
└─────────────────────────────┘
┌───────────────────────────┐
│    UNGROUPED_AGGREGATE    │
│   ─ ─ ─ ─ ─ ─ ─ ─ ─ ─ ─   │
│    sum_no_overflow(#0)    │
└─────────────┬─────────────┘                             
┌─────────────┴─────────────┐
│         PROJECTION        │
│   ─ ─ ─ ─ ─ ─ ─ ─ ─ ─ ─   │
│     (l_extendedprice *    │
│         l_discount)       │
└─────────────┬─────────────┘                             
┌─────────────┴─────────────┐
│           FILTER          │
│   ─ ─ ─ ─ ─ ─ ─ ─ ─ ─ ─   │
│  (q6conditions_outlined_0 │
│(CAST(l_discount AS DE...  │
│  ,2)), CAST(l_quantity AS │
│ INTEGER), l_shipdate) = 1)│
│   ─ ─ ─ ─ ─ ─ ─ ─ ─ ─ ─   │
│        EC: 6001215        │
└─────────────┬─────────────┘                             
┌─────────────┴─────────────┐
│         SEQ_SCAN          │
│   ─ ─ ─ ─ ─ ─ ─ ─ ─ ─ ─   │
│          lineitem         │
│   ─ ─ ─ ─ ─ ─ ─ ─ ─ ─ ─   │
│         l_discount        │
│         l_quantity        │
│         l_shipdate        │
│      l_extendedprice      │
│   ─ ─ ─ ─ ─ ─ ─ ─ ─ ─ ─   │
│        EC: 6001215        │
└───────────────────────────┘                             
Run Time (s): real 0.001 user 0.000595 sys 0.000000
TASK4_PLAN|PRISM_SELECTIVE|9|17
Error opening counter instructions




┌─────────────────────────────┐
│┌───────────────────────────┐│
││       Physical Plan       ││
│└───────────────────────────┘│
└─────────────────────────────┘
┌───────────────────────────┐
│    UNGROUPED_AGGREGATE    │
│   ─ ─ ─ ─ ─ ─ ─ ─ ─ ─ ─   │
│    sum_no_overflow(#0)    │
└─────────────┬─────────────┘                             
┌─────────────┴─────────────┐
│         PROJECTION        │
│   ─ ─ ─ ─ ─ ─ ─ ─ ─ ─ ─   │
│     (l_extendedprice *    │
│         l_discount)       │
└─────────────┬─────────────┘                             
┌─────────────┴─────────────┐
│           FILTER          │
│   ─ ─ ─ ─ ─ ─ ─ ─ ─ ─ ─   │
│  (q6conditions_outlined_0 │
│(CAST(l_discount AS DE...  │
│  ,2)), CAST(l_quantity AS │
│ INTEGER), l_shipdate) = 1)│
│   ─ ─ ─ ─ ─ ─ ─ ─ ─ ─ ─   │
│        EC: 6001215        │
└─────────────┬─────────────┘                             
┌─────────────┴─────────────┐
│         SEQ_SCAN          │
│   ─ ─ ─ ─ ─ ─ ─ ─ ─ ─ ─   │
│          lineitem         │
│   ─ ─ ─ ─ ─ ─ ─ ─ ─ ─ ─   │
│         l_discount        │
│         l_quantity        │
│         l_shipdate        │
│      l_extendedprice      │
│   ─ ─ ─ ─ ─ ─ ─ ─ ─ ─ ─   │
│        EC: 6001215        │
└───────────────────────────┘                             
Run Time (s): real 0.001 user 0.000630 sys 0.000000
TASK4_PLAN|FULL_NATIVE_SQL|9|18
Error opening counter instructions




┌─────────────────────────────┐
│┌───────────────────────────┐│
││       Physical Plan       ││
│└───────────────────────────┘│
└─────────────────────────────┘
┌───────────────────────────┐
│    UNGROUPED_AGGREGATE    │
│   ─ ─ ─ ─ ─ ─ ─ ─ ─ ─ ─   │
│    sum_no_overflow(#0)    │
└─────────────┬─────────────┘                             
┌─────────────┴─────────────┐
│         PROJECTION        │
│   ─ ─ ─ ─ ─ ─ ─ ─ ─ ─ ─   │
│     (l_extendedprice *    │
│         l_discount)       │
└─────────────┬─────────────┘                             
┌─────────────┴─────────────┐
│         SEQ_SCAN          │
│   ─ ─ ─ ─ ─ ─ ─ ─ ─ ─ ─   │
│          lineitem         │
│   ─ ─ ─ ─ ─ ─ ─ ─ ─ ─ ─   │
│         l_discount        │
│      l_extendedprice      │
│   ─ ─ ─ ─ ─ ─ ─ ─ ─ ─ ─   │
│ Filters: l_shipdate>=1994 │
│-01-01 AND l_shipdate<...  │
│ -01 AND l_shipdate IS NOT │
│            NULL           │
│    l_discount>=0.05 AND   │
│ l_discount<=0.07 AND ...  │
│         IS NOT NULL       │
│    l_quantity<24.00 AND   │
│   l_quantity IS NOT NULL  │
│   ─ ─ ─ ─ ─ ─ ─ ─ ─ ─ ─   │
│        EC: 1200243        │
└───────────────────────────┘                             
Run Time (s): real 0.000 user 0.000817 sys 0.000000
TASK4_PLAN|FULL_NATIVE_SQL|10|19
Error opening counter instructions




┌─────────────────────────────┐
│┌───────────────────────────┐│
││       Physical Plan       ││
│└───────────────────────────┘│
└─────────────────────────────┘
┌───────────────────────────┐
│    UNGROUPED_AGGREGATE    │
│   ─ ─ ─ ─ ─ ─ ─ ─ ─ ─ ─   │
│    sum_no_overflow(#0)    │
└─────────────┬─────────────┘                             
┌─────────────┴─────────────┐
│         PROJECTION        │
│   ─ ─ ─ ─ ─ ─ ─ ─ ─ ─ ─   │
│     (l_extendedprice *    │
│         l_discount)       │
└─────────────┬─────────────┘                             
┌─────────────┴─────────────┐
│         SEQ_SCAN          │
│   ─ ─ ─ ─ ─ ─ ─ ─ ─ ─ ─   │
│          lineitem         │
│   ─ ─ ─ ─ ─ ─ ─ ─ ─ ─ ─   │
│         l_discount        │
│      l_extendedprice      │
│   ─ ─ ─ ─ ─ ─ ─ ─ ─ ─ ─   │
│ Filters: l_shipdate>=1994 │
│-01-01 AND l_shipdate<...  │
│ -01 AND l_shipdate IS NOT │
│            NULL           │
│    l_discount>=0.05 AND   │
│ l_discount<=0.07 AND ...  │
│         IS NOT NULL       │
│    l_quantity<24.00 AND   │
│   l_quantity IS NOT NULL  │
│   ─ ─ ─ ─ ─ ─ ─ ─ ─ ─ ─   │
│        EC: 1200243        │
└───────────────────────────┘                             
Run Time (s): real 0.001 user 0.000751 sys 0.000000
TASK4_PLAN|PRISM_SELECTIVE|10|20
Error opening counter instructions




┌─────────────────────────────┐
│┌───────────────────────────┐│
││       Physical Plan       ││
│└───────────────────────────┘│
└─────────────────────────────┘
┌───────────────────────────┐
│    UNGROUPED_AGGREGATE    │
│   ─ ─ ─ ─ ─ ─ ─ ─ ─ ─ ─   │
│    sum_no_overflow(#0)    │
└─────────────┬─────────────┘                             
┌─────────────┴─────────────┐
│         PROJECTION        │
│   ─ ─ ─ ─ ─ ─ ─ ─ ─ ─ ─   │
│     (l_extendedprice *    │
│         l_discount)       │
└─────────────┬─────────────┘                             
┌─────────────┴─────────────┐
│           FILTER          │
│   ─ ─ ─ ─ ─ ─ ─ ─ ─ ─ ─   │
│  (q6conditions_outlined_0 │
│(CAST(l_discount AS DE...  │
│  ,2)), CAST(l_quantity AS │
│ INTEGER), l_shipdate) = 1)│
│   ─ ─ ─ ─ ─ ─ ─ ─ ─ ─ ─   │
│        EC: 6001215        │
└─────────────┬─────────────┘                             
┌─────────────┴─────────────┐
│         SEQ_SCAN          │
│   ─ ─ ─ ─ ─ ─ ─ ─ ─ ─ ─   │
│          lineitem         │
│   ─ ─ ─ ─ ─ ─ ─ ─ ─ ─ ─   │
│         l_discount        │
│         l_quantity        │
│         l_shipdate        │
│      l_extendedprice      │
│   ─ ─ ─ ─ ─ ─ ─ ─ ─ ─ ─   │
│        EC: 6001215        │
└───────────────────────────┘                             
Run Time (s): real 0.001 user 0.000567 sys 0.000000
