Error opening counter instructions



Error opening counter instructions



Error opening counter instructions



TASK4_TRIAL|tpch_q6|FULL_NATIVE_SQL|warmup|1|1
Error opening counter instructions



123141078.2283
Run Time (s): real 0.186 user 0.084667 sys 0.033740
TASK4_TRIAL|tpch_q6|PRISM_SELECTIVE|warmup|1|2
Error opening counter instructions



123141078.2283
Run Time (s): real 1.194 user 1.180571 sys 0.005673
TASK4_TRIAL|tpch_q6|FULL_NATIVE_SQL|warmup|2|3
Error opening counter instructions



123141078.2283
Run Time (s): real 0.054 user 0.053710 sys 0.000000
TASK4_TRIAL|tpch_q6|PRISM_SELECTIVE|warmup|2|4
Error opening counter instructions



123141078.2283
Run Time (s): real 1.192 user 1.191084 sys 0.000189
TASK4_TRIAL|tpch_q6|FULL_NATIVE_SQL|warmup|3|5
Error opening counter instructions



123141078.2283
Run Time (s): real 0.054 user 0.053583 sys 0.000033
TASK4_TRIAL|tpch_q6|PRISM_SELECTIVE|warmup|3|6
Error opening counter instructions



123141078.2283
Run Time (s): real 1.190 user 1.189472 sys 0.000056
TASK4_TRIAL|tpch_q6|PRISM_SELECTIVE|measured|1|7
Error opening counter instructions



123141078.2283
Run Time (s): real 1.197 user 1.192756 sys 0.000093
TASK4_TRIAL|tpch_q6|FULL_NATIVE_SQL|measured|1|8
Error opening counter instructions



123141078.2283
Run Time (s): real 0.053 user 0.053565 sys 0.000000
TASK4_TRIAL|tpch_q6|FULL_NATIVE_SQL|measured|2|9
Error opening counter instructions



123141078.2283
Run Time (s): real 0.053 user 0.053344 sys 0.000000
TASK4_TRIAL|tpch_q6|PRISM_SELECTIVE|measured|2|10
Error opening counter instructions



123141078.2283
Run Time (s): real 1.223 user 1.197793 sys 0.004084
TASK4_TRIAL|tpch_q6|PRISM_SELECTIVE|measured|3|11
Error opening counter instructions



123141078.2283
Run Time (s): real 1.210 user 1.209185 sys 0.000014
TASK4_TRIAL|tpch_q6|FULL_NATIVE_SQL|measured|3|12
Error opening counter instructions



123141078.2283
Run Time (s): real 0.054 user 0.053694 sys 0.000000
TASK4_TRIAL|tpch_q6|PRISM_SELECTIVE|measured|4|13
Error opening counter instructions



123141078.2283
Run Time (s): real 1.192 user 1.192111 sys 0.000000
TASK4_TRIAL|tpch_q6|FULL_NATIVE_SQL|measured|4|14
Error opening counter instructions



123141078.2283
Run Time (s): real 0.054 user 0.053779 sys 0.000002
TASK4_TRIAL|tpch_q6|FULL_NATIVE_SQL|measured|5|15
Error opening counter instructions



123141078.2283
Run Time (s): real 0.054 user 0.054170 sys 0.000000
TASK4_TRIAL|tpch_q6|PRISM_SELECTIVE|measured|5|16
Error opening counter instructions



123141078.2283
Run Time (s): real 1.203 user 1.197078 sys 0.000000
TASK4_TRIAL|tpch_q6|PRISM_SELECTIVE|measured|6|17
Error opening counter instructions



123141078.2283
Run Time (s): real 1.237 user 1.223419 sys 0.000000
TASK4_TRIAL|tpch_q6|FULL_NATIVE_SQL|measured|6|18
Error opening counter instructions



123141078.2283
Run Time (s): real 0.055 user 0.054258 sys 0.000000
TASK4_TRIAL|tpch_q6|FULL_NATIVE_SQL|measured|7|19
Error opening counter instructions



123141078.2283
Run Time (s): real 0.054 user 0.054227 sys 0.000000
TASK4_TRIAL|tpch_q6|PRISM_SELECTIVE|measured|7|20
Error opening counter instructions



123141078.2283
Run Time (s): real 1.208 user 1.203447 sys 0.000002
TASK4_TRIAL|tpch_q6|FULL_NATIVE_SQL|measured|8|21
Error opening counter instructions



123141078.2283
Run Time (s): real 0.054 user 0.053848 sys 0.000000
TASK4_TRIAL|tpch_q6|PRISM_SELECTIVE|measured|8|22
Error opening counter instructions



123141078.2283
Run Time (s): real 1.191 user 1.186731 sys 0.000003
TASK4_TRIAL|tpch_q6|FULL_NATIVE_SQL|measured|9|23
Error opening counter instructions



123141078.2283
Run Time (s): real 0.055 user 0.054084 sys 0.000007
TASK4_TRIAL|tpch_q6|PRISM_SELECTIVE|measured|9|24
Error opening counter instructions



123141078.2283
Run Time (s): real 1.206 user 1.192519 sys 0.004030
TASK4_TRIAL|tpch_q6|FULL_NATIVE_SQL|measured|10|25
Error opening counter instructions



123141078.2283
Run Time (s): real 0.054 user 0.054080 sys 0.000021
TASK4_TRIAL|tpch_q6|PRISM_SELECTIVE|measured|10|26
Error opening counter instructions



123141078.2283
Run Time (s): real 1.192 user 1.190580 sys 0.000000
